Component: ARM Compiler 5.05 update 2 (build 169) Tool: armlink [4d0f33]

==============================================================================

Section Cross References

    main.o(i.UART0_IRQHandler) refers to uart.o(i.UART0_GetChar) for UART0_GetChar
    main.o(i.UART0_IRQHandler) refers to main.o(.bss) for rev
    main.o(i.UART0_IRQHandler) refers to main.o(.data) for i
    main.o(i.delay) refers to main.o(.bss) for rev
    main.o(i.main) refers to _printf_percent.o(.ARM.Collect$$_printf_percent$$00000000) for _printf_percent
    main.o(i.main) refers to _printf_d.o(.ARM.Collect$$_printf_percent$$00000009) for _printf_d
    main.o(i.main) refers to _printf_s.o(.ARM.Collect$$_printf_percent$$00000014) for _printf_s
    main.o(i.main) refers to _printf_dec.o(.text) for _printf_int_dec
    main.o(i.main) refers to _printf_str.o(.text) for _printf_str
    main.o(i.main) refers to system_mkl46z4.o(i.SystemCoreClockUpdate) for SystemCoreClockUpdate
    main.o(i.main) refers to sys-tick.o(i.Init_Sys_Tick) for Init_Sys_Tick
    main.o(i.main) refers to uart.o(i.UART0_PinConf) for UART0_PinConf
    main.o(i.main) refers to uart.o(i.UART0_Init) for UART0_Init
    main.o(i.main) refers to uart.o(i.UART0RX_EnableIRQ) for UART0RX_EnableIRQ
    main.o(i.main) refers to dht11.o(i.DHT11_Init) for DHT11_Init
    main.o(i.main) refers to i2c.o(i.I2C_Init) for I2C_Init
    main.o(i.main) refers to bh1750.o(i.BH1750_init) for BH1750_init
    main.o(i.main) refers to gpio.o(i.Gpio_Init) for Gpio_Init
    main.o(i.main) refers to noretval__2printf.o(.text) for __2printf
    main.o(i.main) refers to bh1750.o(i.read_bh1750) for read_bh1750
    main.o(i.main) refers to dht11.o(i.DHT11_Start) for DHT11_Start
    main.o(i.main) refers to dht11.o(i.DHT11_GetTemHumi) for DHT11_GetTemHumi
    main.o(i.main) refers to main.o(i.delay) for delay
    main.o(i.main) refers to main.o(.data) for stt1
    main.o(.data) refers to main.o(.conststring) for .conststring
    uart.o(i.UART0RX_EnableIRQ) refers to uart.o(i.NVIC_SetPriority) for NVIC_SetPriority
    uart.o(i.fgetc) refers to uart.o(i.UART0_GetChar) for UART0_GetChar
    uart.o(i.fgetc) refers to uart.o(i.UART0_PutChar) for UART0_PutChar
    uart.o(i.fputc) refers to uart.o(i.UART0_PutChar) for UART0_PutChar
    sys-tick.o(i.Init_Sys_Tick) refers to aeabi_sdiv.o(.text) for __aeabi_uidivmod
    sys-tick.o(i.Init_Sys_Tick) refers to system_mkl46z4.o(.data) for SystemCoreClock
    dht11.o(i.DHT11_GetTemHumi) refers to sys-tick.o(i.delay_us) for delay_us
    dht11.o(i.DHT11_Start) refers to sys-tick.o(i.delay_us) for delay_us
    bh1750.o(i.BH1750_init) refers to sys-tick.o(i.delay_us) for delay_us
    bh1750.o(i.BH1750_init) refers to i2c.o(i.I2C_Start) for I2C_Start
    bh1750.o(i.BH1750_init) refers to i2c.o(i.I2C_Write_Byte) for I2C_Write_Byte
    bh1750.o(i.BH1750_init) refers to i2c.o(i.I2C_Get_Ack) for I2C_Get_Ack
    bh1750.o(i.BH1750_init) refers to i2c.o(i.I2C_Stop) for I2C_Stop
    bh1750.o(i.BH1750_init) refers to bh1750.o(.data) for POWER_DOWN
    bh1750.o(i.read_bh1750) refers to i2c.o(i.I2C_Start) for I2C_Start
    bh1750.o(i.read_bh1750) refers to i2c.o(i.I2C_Write_Byte) for I2C_Write_Byte
    bh1750.o(i.read_bh1750) refers to i2c.o(i.I2C_Get_Ack) for I2C_Get_Ack
    bh1750.o(i.read_bh1750) refers to i2c.o(i.I2C_Stop) for I2C_Stop
    bh1750.o(i.read_bh1750) refers to sys-tick.o(i.delay_us) for delay_us
    bh1750.o(i.read_bh1750) refers to i2c.o(i.I2C_Read_Byte) for I2C_Read_Byte
    bh1750.o(i.read_bh1750) refers to i2c.o(i.I2C_Give_Ack) for I2C_Give_Ack
    bh1750.o(i.read_bh1750) refers to bh1750.o(.data) for _DATA
    i2c.o(i.I2C_Start) refers to i2c.o(i.I2C_Set_Master_Mode) for I2C_Set_Master_Mode
    i2c.o(i.I2C_Start) refers to i2c.o(i.I2C_Set_Tx_Mode) for I2C_Set_Tx_Mode
    i2c.o(i.I2C_Stop) refers to i2c.o(i.I2C_Set_Slave_Mode) for I2C_Set_Slave_Mode
    i2c.o(i.I2C_Stop) refers to i2c.o(i.I2C_Set_Rx_Mode) for I2C_Set_Rx_Mode
    startup_mkl46z4.o(STACK) refers (Special) to heapauxi.o(.text) for __use_two_region_memory
    startup_mkl46z4.o(HEAP) refers (Special) to heapauxi.o(.text) for __use_two_region_memory
    startup_mkl46z4.o(RESET) refers (Special) to heapauxi.o(.text) for __use_two_region_memory
    startup_mkl46z4.o(RESET) refers to startup_mkl46z4.o(STACK) for __initial_sp
    startup_mkl46z4.o(RESET) refers to startup_mkl46z4.o(.text) for Reset_Handler
    startup_mkl46z4.o(RESET) refers to main.o(i.UART0_IRQHandler) for UART0_IRQHandler
    startup_mkl46z4.o(.ARM.__at_0x400) refers (Special) to heapauxi.o(.text) for __use_two_region_memory
    startup_mkl46z4.o(.text) refers (Special) to heapauxi.o(.text) for __use_two_region_memory
    startup_mkl46z4.o(.text) refers to system_mkl46z4.o(i.SystemInit) for SystemInit
    startup_mkl46z4.o(.text) refers to __main.o(!!!main) for __main
    startup_mkl46z4.o(.text) refers to startup_mkl46z4.o(HEAP) for Heap_Mem
    startup_mkl46z4.o(.text) refers to startup_mkl46z4.o(STACK) for Stack_Mem
    system_mkl46z4.o(i.SystemCoreClockUpdate) refers to aeabi_sdiv.o(.text) for __aeabi_uidivmod
    system_mkl46z4.o(i.SystemCoreClockUpdate) refers to system_mkl46z4.o(i.__ARM_common_switch8) for __ARM_common_switch8
    system_mkl46z4.o(i.SystemCoreClockUpdate) refers to system_mkl46z4.o(.data) for SystemCoreClock
    __2printf.o(.text) refers to _printf_char_file.o(.text) for _printf_char_file
    __2printf.o(.text) refers to uart.o(.data) for __stdout
    noretval__2printf.o(.text) refers to _printf_char_file.o(.text) for _printf_char_file
    noretval__2printf.o(.text) refers to uart.o(.data) for __stdout
    __printf.o(.text) refers to _printf_percent.o(.ARM.Collect$$_printf_percent$$00000000) for _printf_percent
    _printf_str.o(.text) refers (Special) to _printf_char.o(.text) for _printf_cs_common
    _printf_dec.o(.text) refers to rtudiv10.o(.text) for __rt_udiv10
    _printf_dec.o(.text) refers to _printf_intcommon.o(.text) for _printf_int_common
    __printf_flags.o(.text) refers to _printf_percent.o(.ARM.Collect$$_printf_percent$$00000000) for _printf_percent
    __printf_flags.o(.text) refers to __printf_flags.o(.constdata) for .constdata
    __printf_ss.o(.text) refers to _printf_percent.o(.ARM.Collect$$_printf_percent$$00000000) for _printf_percent
    __printf_flags_ss.o(.text) refers to _printf_percent.o(.ARM.Collect$$_printf_percent$$00000000) for _printf_percent
    __printf_flags_ss.o(.text) refers to __printf_flags_ss.o(.constdata) for .constdata
    __printf_wp.o(.text) refers to __printf_wp.o(i._is_digit) for _is_digit
    __printf_wp.o(.text) refers to _printf_percent.o(.ARM.Collect$$_printf_percent$$00000000) for _printf_percent
    __printf_flags_wp.o(.text) refers to __printf_wp.o(i._is_digit) for _is_digit
    __printf_flags_wp.o(.text) refers to _printf_percent.o(.ARM.Collect$$_printf_percent$$00000000) for _printf_percent
    __printf_flags_wp.o(.text) refers to __printf_flags_wp.o(.constdata) for .constdata
    __printf_ss_wp.o(.text) refers to __printf_wp.o(i._is_digit) for _is_digit
    __printf_ss_wp.o(.text) refers to _printf_percent.o(.ARM.Collect$$_printf_percent$$00000000) for _printf_percent
    __printf_flags_ss_wp.o(.text) refers to __printf_wp.o(i._is_digit) for _is_digit
    __printf_flags_ss_wp.o(.text) refers to _printf_percent.o(.ARM.Collect$$_printf_percent$$00000000) for _printf_percent
    __printf_flags_ss_wp.o(.text) refers to __printf_flags_ss_wp.o(.constdata) for .constdata
    _printf_s.o(.ARM.Collect$$_printf_percent$$00000014) refers (Weak) to _printf_char.o(.text) for _printf_string
    _printf_d.o(.ARM.Collect$$_printf_percent$$00000009) refers (Weak) to _printf_dec.o(.text) for _printf_int_dec
    _printf_percent.o(.ARM.Collect$$_printf_percent$$00000000) refers (Special) to _printf_percent_end.o(.ARM.Collect$$_printf_percent$$00000017) for _printf_percent_end
    __main.o(!!!main) refers to __rtentry.o(.ARM.Collect$$rtentry$$00000000) for __rt_entry
    __rtentry.o(.ARM.Collect$$rtentry$$00000000) refers (Special) to __rtentry2.o(.ARM.Collect$$rtentry$$0000000A) for __rt_entry_li
    __rtentry.o(.ARM.Collect$$rtentry$$00000000) refers (Special) to __rtentry2.o(.ARM.Collect$$rtentry$$0000000D) for __rt_entry_main
    __rtentry.o(.ARM.Collect$$rtentry$$00000000) refers (Special) to __rtentry2.o(.ARM.Collect$$rtentry$$0000000C) for __rt_entry_postli_1
    __rtentry.o(.ARM.Collect$$rtentry$$00000000) refers (Special) to __rtentry2.o(.ARM.Collect$$rtentry$$00000009) for __rt_entry_postsh_1
    __rtentry.o(.ARM.Collect$$rtentry$$00000000) refers (Special) to __rtentry2.o(.ARM.Collect$$rtentry$$00000002) for __rt_entry_presh_1
    __rtentry.o(.ARM.Collect$$rtentry$$00000000) refers (Special) to __rtentry4.o(.ARM.Collect$$rtentry$$00000004) for __rt_entry_sh
    aeabi_idiv0_sigfpe.o(.text) refers to rt_div0.o(.text) for __rt_div0
    _printf_char.o(.text) refers (Weak) to _printf_str.o(.text) for _printf_str
    _printf_char_file.o(.text) refers to _printf_char_common.o(.text) for _printf_char_common
    _printf_char_file.o(.text) refers to ferror.o(.text) for ferror
    _printf_char_file.o(.text) refers to uart.o(i.fputc) for fputc
    __rtentry2.o(.ARM.Collect$$rtentry$$00000008) refers to boardinit2.o(.text) for _platform_post_stackheap_init
    __rtentry2.o(.ARM.Collect$$rtentry$$0000000A) refers to libinit.o(.ARM.Collect$$libinit$$00000000) for __rt_lib_init
    __rtentry2.o(.ARM.Collect$$rtentry$$0000000B) refers to boardinit3.o(.text) for _platform_post_lib_init
    __rtentry2.o(.ARM.Collect$$rtentry$$0000000D) refers to main.o(i.main) for main
    __rtentry2.o(.ARM.Collect$$rtentry$$0000000D) refers to exit.o(.text) for exit
    __rtentry2.o(.ARM.exidx) refers to __rtentry2.o(.ARM.Collect$$rtentry$$00000001) for .ARM.Collect$$rtentry$$00000001
    __rtentry2.o(.ARM.exidx) refers to __rtentry2.o(.ARM.Collect$$rtentry$$00000008) for .ARM.Collect$$rtentry$$00000008
    __rtentry2.o(.ARM.exidx) refers to __rtentry2.o(.ARM.Collect$$rtentry$$0000000A) for .ARM.Collect$$rtentry$$0000000A
    __rtentry2.o(.ARM.exidx) refers to __rtentry2.o(.ARM.Collect$$rtentry$$0000000B) for .ARM.Collect$$rtentry$$0000000B
    __rtentry2.o(.ARM.exidx) refers to __rtentry2.o(.ARM.Collect$$rtentry$$0000000D) for .ARM.Collect$$rtentry$$0000000D
    __rtentry4.o(.ARM.Collect$$rtentry$$00000004) refers to sys_stackheap_outer.o(.text) for __user_setup_stackheap
    __rtentry4.o(.ARM.exidx) refers to __rtentry4.o(.ARM.Collect$$rtentry$$00000004) for .ARM.Collect$$rtentry$$00000004
    rt_div0.o(.text) refers to defsig_fpe_outer.o(.text) for __rt_SIGFPE
    _printf_char_common.o(.text) refers to __printf.o(.text) for __printf
    sys_stackheap_outer.o(.text) refers to libspace.o(.text) for __user_perproc_libspace
    sys_stackheap_outer.o(.text) refers to startup_mkl46z4.o(.text) for __user_initial_stackheap
    sys_stackheap_outer.o(__vectab_stack_and_reset_area) refers to tempstk.o(.text) for __temporary_stack_top
    sys_stackheap_outer.o(__vectab_stack_and_reset_area) refers to __main.o(!!!main) for __main
    exit.o(.text) refers to rtexit.o(.ARM.Collect$$rtexit$$00000000) for __rt_exit
    defsig_fpe_outer.o(.text) refers to defsig_fpe_inner.o(.text) for __rt_SIGFPE_inner
    defsig_fpe_outer.o(.text) refers to defsig_exit.o(.text) for __sig_exit
    defsig_fpe_formal.o(.text) refers to rt_raise.o(.text) for __rt_raise
    libinit.o(.ARM.Collect$$libinit$$00000000) refers (Special) to libinit2.o(.ARM.Collect$$libinit$$0000002E) for __rt_lib_init_alloca_1
    libinit.o(.ARM.Collect$$libinit$$00000000) refers (Special) to libinit2.o(.ARM.Collect$$libinit$$0000002C) for __rt_lib_init_argv_1
    libinit.o(.ARM.Collect$$libinit$$00000000) refers (Special) to libinit2.o(.ARM.Collect$$libinit$$0000001B) for __rt_lib_init_atexit_1
    libinit.o(.ARM.Collect$$libinit$$00000000) refers (Special) to libinit2.o(.ARM.Collect$$libinit$$00000021) for __rt_lib_init_clock_1
    libinit.o(.ARM.Collect$$libinit$$00000000) refers (Special) to libinit2.o(.ARM.Collect$$libinit$$00000032) for __rt_lib_init_cpp_1
    libinit.o(.ARM.Collect$$libinit$$00000000) refers (Special) to libinit2.o(.ARM.Collect$$libinit$$00000030) for __rt_lib_init_exceptions_1
    libinit.o(.ARM.Collect$$libinit$$00000000) refers (Special) to libinit2.o(.ARM.Collect$$libinit$$00000002) for __rt_lib_init_fp_1
    libinit.o(.ARM.Collect$$libinit$$00000000) refers (Special) to libinit2.o(.ARM.Collect$$libinit$$0000001F) for __rt_lib_init_fp_trap_1
    libinit.o(.ARM.Collect$$libinit$$00000000) refers (Special) to libinit2.o(.ARM.Collect$$libinit$$00000023) for __rt_lib_init_getenv_1
    libinit.o(.ARM.Collect$$libinit$$00000000) refers (Special) to libinit2.o(.ARM.Collect$$libinit$$0000000A) for __rt_lib_init_heap_1
    libinit.o(.ARM.Collect$$libinit$$00000000) refers (Special) to libinit2.o(.ARM.Collect$$libinit$$00000011) for __rt_lib_init_lc_collate_1
    libinit.o(.ARM.Collect$$libinit$$00000000) refers (Special) to libinit2.o(.ARM.Collect$$libinit$$00000013) for __rt_lib_init_lc_ctype_1
    libinit.o(.ARM.Collect$$libinit$$00000000) refers (Special) to libinit2.o(.ARM.Collect$$libinit$$00000015) for __rt_lib_init_lc_monetary_1
    libinit.o(.ARM.Collect$$libinit$$00000000) refers (Special) to libinit2.o(.ARM.Collect$$libinit$$00000017) for __rt_lib_init_lc_numeric_1
    libinit.o(.ARM.Collect$$libinit$$00000000) refers (Special) to libinit2.o(.ARM.Collect$$libinit$$00000019) for __rt_lib_init_lc_time_1
    libinit.o(.ARM.Collect$$libinit$$00000000) refers (Special) to libinit2.o(.ARM.Collect$$libinit$$00000004) for __rt_lib_init_preinit_1
    libinit.o(.ARM.Collect$$libinit$$00000000) refers (Special) to libinit2.o(.ARM.Collect$$libinit$$0000000E) for __rt_lib_init_rand_1
    libinit.o(.ARM.Collect$$libinit$$00000000) refers (Special) to libinit2.o(.ARM.Collect$$libinit$$00000033) for __rt_lib_init_return
    libinit.o(.ARM.Collect$$libinit$$00000000) refers (Special) to libinit2.o(.ARM.Collect$$libinit$$0000001D) for __rt_lib_init_signal_1
    libinit.o(.ARM.Collect$$libinit$$00000000) refers (Special) to libinit2.o(.ARM.Collect$$libinit$$00000025) for __rt_lib_init_stdio_1
    libinit.o(.ARM.Collect$$libinit$$00000000) refers (Special) to libinit2.o(.ARM.Collect$$libinit$$0000000C) for __rt_lib_init_user_alloc_1
    libspace.o(.text) refers to libspace.o(.bss) for __libspace_start
    rtexit.o(.ARM.Collect$$rtexit$$00000000) refers (Special) to rtexit2.o(.ARM.Collect$$rtexit$$00000004) for __rt_exit_exit
    rtexit.o(.ARM.Collect$$rtexit$$00000000) refers (Special) to rtexit2.o(.ARM.Collect$$rtexit$$00000003) for __rt_exit_ls
    rtexit.o(.ARM.Collect$$rtexit$$00000000) refers (Special) to rtexit2.o(.ARM.Collect$$rtexit$$00000002) for __rt_exit_prels_1
    rtexit.o(.ARM.exidx) refers (Special) to rtexit2.o(.ARM.Collect$$rtexit$$00000004) for __rt_exit_exit
    rtexit.o(.ARM.exidx) refers (Special) to rtexit2.o(.ARM.Collect$$rtexit$$00000003) for __rt_exit_ls
    rtexit.o(.ARM.exidx) refers (Special) to rtexit2.o(.ARM.Collect$$rtexit$$00000002) for __rt_exit_prels_1
    rtexit.o(.ARM.exidx) refers to rtexit.o(.ARM.Collect$$rtexit$$00000000) for .ARM.Collect$$rtexit$$00000000
    rt_raise.o(.text) refers to __raise.o(.text) for __raise
    rt_raise.o(.text) refers to sys_exit.o(.text) for _sys_exit
    defsig_exit.o(.text) refers to sys_exit.o(.text) for _sys_exit
    defsig_fpe_inner.o(.text) refers to defsig_general.o(.text) for __default_signal_display
    libinit2.o(.ARM.Collect$$libinit$$00000010) refers to libinit2.o(.ARM.Collect$$libinit$$0000000F) for .ARM.Collect$$libinit$$0000000F
    libinit2.o(.ARM.Collect$$libinit$$00000012) refers to libinit2.o(.ARM.Collect$$libinit$$0000000F) for .ARM.Collect$$libinit$$0000000F
    libinit2.o(.ARM.Collect$$libinit$$00000014) refers to libinit2.o(.ARM.Collect$$libinit$$0000000F) for .ARM.Collect$$libinit$$0000000F
    libinit2.o(.ARM.Collect$$libinit$$00000016) refers to libinit2.o(.ARM.Collect$$libinit$$0000000F) for .ARM.Collect$$libinit$$0000000F
    libinit2.o(.ARM.Collect$$libinit$$00000018) refers to libinit2.o(.ARM.Collect$$libinit$$0000000F) for .ARM.Collect$$libinit$$0000000F
    libinit2.o(.ARM.Collect$$libinit$$00000026) refers to argv_veneer.o(.text) for __ARM_argv_veneer
    libinit2.o(.ARM.Collect$$libinit$$00000027) refers to argv_veneer.o(.text) for __ARM_argv_veneer
    sys_exit.o(.text) refers (Special) to use_no_semi.o(.text) for __I$use$semihosting
    sys_exit.o(.text) refers (Special) to indicate_semi.o(.text) for __semihosting_library_function
    rtexit2.o(.ARM.Collect$$rtexit$$00000003) refers to libshutdown.o(.ARM.Collect$$libshutdown$$00000000) for __rt_lib_shutdown
    rtexit2.o(.ARM.Collect$$rtexit$$00000004) refers to sys_exit.o(.text) for _sys_exit
    rtexit2.o(.ARM.exidx) refers to rtexit2.o(.ARM.Collect$$rtexit$$00000001) for .ARM.Collect$$rtexit$$00000001
    rtexit2.o(.ARM.exidx) refers to rtexit2.o(.ARM.Collect$$rtexit$$00000003) for .ARM.Collect$$rtexit$$00000003
    rtexit2.o(.ARM.exidx) refers to rtexit2.o(.ARM.Collect$$rtexit$$00000004) for .ARM.Collect$$rtexit$$00000004
    __raise.o(.text) refers to defsig.o(CL$$defsig) for __default_signal_handler
    defsig_general.o(.text) refers to sys_wrch.o(.text) for _ttywrch
    sys_wrch.o(.text) refers (Special) to use_no_semi.o(.text) for __I$use$semihosting
    sys_wrch.o(.text) refers (Special) to indicate_semi.o(.text) for __semihosting_library_function
    defsig.o(CL$$defsig) refers to defsig_fpe_inner.o(.text) for __rt_SIGFPE_inner
    defsig.o(CL$$defsig) refers to defsig_rtmem_inner.o(.text) for __rt_SIGRTMEM_inner
    _get_argv_nomalloc.o(.text) refers (Special) to hrguard.o(.text) for __heap_region$guard
    _get_argv_nomalloc.o(.text) refers to defsig_rtmem_outer.o(.text) for __rt_SIGRTMEM
    _get_argv_nomalloc.o(.text) refers to sys_command.o(.text) for _sys_command_string
    libshutdown.o(.ARM.Collect$$libshutdown$$00000000) refers (Special) to libshutdown2.o(.ARM.Collect$$libshutdown$$00000006) for __rt_lib_shutdown_fp_trap_1
    libshutdown.o(.ARM.Collect$$libshutdown$$00000000) refers (Special) to libshutdown2.o(.ARM.Collect$$libshutdown$$0000000E) for __rt_lib_shutdown_heap_1
    libshutdown.o(.ARM.Collect$$libshutdown$$00000000) refers (Special) to libshutdown2.o(.ARM.Collect$$libshutdown$$0000000F) for __rt_lib_shutdown_return
    libshutdown.o(.ARM.Collect$$libshutdown$$00000000) refers (Special) to libshutdown2.o(.ARM.Collect$$libshutdown$$00000009) for __rt_lib_shutdown_signal_1
    libshutdown.o(.ARM.Collect$$libshutdown$$00000000) refers (Special) to libshutdown2.o(.ARM.Collect$$libshutdown$$00000003) for __rt_lib_shutdown_stdio_1
    libshutdown.o(.ARM.Collect$$libshutdown$$00000000) refers (Special) to libshutdown2.o(.ARM.Collect$$libshutdown$$0000000B) for __rt_lib_shutdown_user_alloc_1
    sys_command.o(.text) refers (Special) to use_no_semi.o(.text) for __I$use$semihosting
    sys_command.o(.text) refers (Special) to indicate_semi.o(.text) for __semihosting_library_function
    defsig_abrt_inner.o(.text) refers to defsig_general.o(.text) for __default_signal_display
    defsig_rtred_inner.o(.text) refers to defsig_general.o(.text) for __default_signal_display
    defsig_rtmem_inner.o(.text) refers to defsig_general.o(.text) for __default_signal_display
    defsig_rtmem_outer.o(.text) refers to defsig_rtmem_inner.o(.text) for __rt_SIGRTMEM_inner
    defsig_rtmem_outer.o(.text) refers to defsig_exit.o(.text) for __sig_exit
    defsig_rtmem_formal.o(.text) refers to rt_raise.o(.text) for __rt_raise
    defsig_stak_inner.o(.text) refers to defsig_general.o(.text) for __default_signal_display
    defsig_pvfn_inner.o(.text) refers to defsig_general.o(.text) for __default_signal_display
    defsig_cppl_inner.o(.text) refers to defsig_general.o(.text) for __default_signal_display
    defsig_segv_inner.o(.text) refers to defsig_general.o(.text) for __default_signal_display
    defsig_other.o(.text) refers to defsig_general.o(.text) for __default_signal_display


==============================================================================

Removing Unused input sections from the image.

    Removing main.o(.rev16_text), (4 bytes).
    Removing main.o(.revsh_text), (4 bytes).
    Removing uart.o(.rev16_text), (4 bytes).
    Removing uart.o(.revsh_text), (4 bytes).
    Removing uart.o(i.UART0RX_ClearFlagIRQ), (12 bytes).
    Removing uart.o(i.UART0RX_GetFlagIRQ), (24 bytes).
    Removing uart.o(i.fgetc), (20 bytes).
    Removing sys-tick.o(.rev16_text), (4 bytes).
    Removing sys-tick.o(.revsh_text), (4 bytes).
    Removing sys-tick.o(.data), (4 bytes).
    Removing dht11.o(.rev16_text), (4 bytes).
    Removing dht11.o(.revsh_text), (4 bytes).
    Removing gpio.o(.rev16_text), (4 bytes).
    Removing gpio.o(.revsh_text), (4 bytes).
    Removing bh1750.o(.rev16_text), (4 bytes).
    Removing bh1750.o(.revsh_text), (4 bytes).
    Removing i2c.o(.rev16_text), (4 bytes).
    Removing i2c.o(.revsh_text), (4 bytes).
    Removing i2c.o(i.I2C0_Init), (56 bytes).
    Removing i2c.o(i.I2C_Deinit), (24 bytes).
    Removing i2c.o(i.I2C_Give_Nack), (10 bytes).
    Removing i2c.o(i.I2C_Repeated_Start), (10 bytes).
    Removing i2c.o(i.I2C_Wait), (20 bytes).
    Removing system_mkl46z4.o(.rev16_text), (4 bytes).
    Removing system_mkl46z4.o(.revsh_text), (4 bytes).

25 unused section(s) (total 244 bytes) removed from the image.

==============================================================================

Image Symbol Table

    Local Symbols

    Symbol Name                              Value     Ov Type        Size  Object(Section)

    RESET                                    0x00000000   Section      192  startup_mkl46z4.o(RESET)
    ../clib/angel/boardlib.s                 0x00000000   Number         0  boardinit1.o ABSOLUTE
    ../clib/angel/boardlib.s                 0x00000000   Number         0  boardinit3.o ABSOLUTE
    ../clib/angel/boardlib.s                 0x00000000   Number         0  boardshut.o ABSOLUTE
    ../clib/angel/boardlib.s                 0x00000000   Number         0  boardinit2.o ABSOLUTE
    ../clib/angel/handlers.s                 0x00000000   Number         0  __scatter_zi.o ABSOLUTE
    ../clib/angel/handlers.s                 0x00000000   Number         0  __scatter_copy.o ABSOLUTE
    ../clib/angel/kernel.s                   0x00000000   Number         0  rtexit2.o ABSOLUTE
    ../clib/angel/kernel.s                   0x00000000   Number         0  __rtentry2.o ABSOLUTE
    ../clib/angel/kernel.s                   0x00000000   Number         0  rtexit.o ABSOLUTE
    ../clib/angel/kernel.s                   0x00000000   Number         0  __rtentry4.o ABSOLUTE
    ../clib/angel/kernel.s                   0x00000000   Number         0  __rtentry.o ABSOLUTE
    ../clib/angel/rt.s                       0x00000000   Number         0  rt_div0.o ABSOLUTE
    ../clib/angel/rt.s                       0x00000000   Number         0  rt_raise.o ABSOLUTE
    ../clib/angel/rt.s                       0x00000000   Number         0  aeabi_idiv0.o ABSOLUTE
    ../clib/angel/rt.s                       0x00000000   Number         0  aeabi_idiv0_sigfpe.o ABSOLUTE
    ../clib/angel/scatterp.s                 0x00000000   Number         0  __scatter.o ABSOLUTE
    ../clib/angel/startup.s                  0x00000000   Number         0  __main.o ABSOLUTE
    ../clib/angel/sys.s                      0x00000000   Number         0  indicate_semi.o ABSOLUTE
    ../clib/angel/sys.s                      0x00000000   Number         0  use_no_semi.o ABSOLUTE
    ../clib/angel/sys.s                      0x00000000   Number         0  libspace.o ABSOLUTE
    ../clib/angel/sys.s                      0x00000000   Number         0  sys_stackheap_outer.o ABSOLUTE
    ../clib/angel/sys.s                      0x00000000   Number         0  tempstk.o ABSOLUTE
    ../clib/angel/sysapp.c                   0x00000000   Number         0  sys_wrch.o ABSOLUTE
    ../clib/angel/sysapp.c                   0x00000000   Number         0  sys_command.o ABSOLUTE
    ../clib/angel/sysapp.c                   0x00000000   Number         0  sys_exit.o ABSOLUTE
    ../clib/armsys.c                         0x00000000   Number         0  _get_argv_nomalloc.o ABSOLUTE
    ../clib/armsys.c                         0x00000000   Number         0  argv_veneer.o ABSOLUTE
    ../clib/armsys.c                         0x00000000   Number         0  no_argv.o ABSOLUTE
    ../clib/division.c                       0x00000000   Number         0  rtudiv10.o ABSOLUTE
    ../clib/division.s                       0x00000000   Number         0  aeabi_sdiv_div0.o ABSOLUTE
    ../clib/division.s                       0x00000000   Number         0  aeabi_sdiv.o ABSOLUTE
    ../clib/heapalloc.c                      0x00000000   Number         0  hrguard.o ABSOLUTE
    ../clib/heapaux.c                        0x00000000   Number         0  heapauxi.o ABSOLUTE
    ../clib/libinit.s                        0x00000000   Number         0  libshutdown2.o ABSOLUTE
    ../clib/libinit.s                        0x00000000   Number         0  libshutdown.o ABSOLUTE
    ../clib/libinit.s                        0x00000000   Number         0  libinit2.o ABSOLUTE
    ../clib/libinit.s                        0x00000000   Number         0  libinit.o ABSOLUTE
    ../clib/printf.c                         0x00000000   Number         0  _printf_str.o ABSOLUTE
    ../clib/printf.c                         0x00000000   Number         0  _printf_dec.o ABSOLUTE
    ../clib/printf.c                         0x00000000   Number         0  _printf_char_file.o ABSOLUTE
    ../clib/printf.c                         0x00000000   Number         0  __printf_flags.o ABSOLUTE
    ../clib/printf.c                         0x00000000   Number         0  __printf_ss.o ABSOLUTE
    ../clib/printf.c                         0x00000000   Number         0  __printf_wp.o ABSOLUTE
    ../clib/printf.c                         0x00000000   Number         0  __printf_flags_wp.o ABSOLUTE
    ../clib/printf.c                         0x00000000   Number         0  __printf_ss_wp.o ABSOLUTE
    ../clib/printf.c                         0x00000000   Number         0  __printf_nopercent.o ABSOLUTE
    ../clib/printf.c                         0x00000000   Number         0  _printf_intcommon.o ABSOLUTE
    ../clib/printf.c                         0x00000000   Number         0  _printf_char_common.o ABSOLUTE
    ../clib/printf.c                         0x00000000   Number         0  _printf_char.o ABSOLUTE
    ../clib/printf.c                         0x00000000   Number         0  __printf_flags_ss.o ABSOLUTE
    ../clib/printf.c                         0x00000000   Number         0  __2printf.o ABSOLUTE
    ../clib/printf.c                         0x00000000   Number         0  noretval__2printf.o ABSOLUTE
    ../clib/printf.c                         0x00000000   Number         0  __printf_flags_ss_wp.o ABSOLUTE
    ../clib/printf.c                         0x00000000   Number         0  __printf.o ABSOLUTE
    ../clib/printf_percent.s                 0x00000000   Number         0  _printf_percent_end.o ABSOLUTE
    ../clib/printf_percent.s                 0x00000000   Number         0  _printf_percent.o ABSOLUTE
    ../clib/printf_percent.s                 0x00000000   Number         0  _printf_d.o ABSOLUTE
    ../clib/printf_percent.s                 0x00000000   Number         0  _printf_s.o ABSOLUTE
    ../clib/signal.c                         0x00000000   Number         0  defsig_rtmem_outer.o ABSOLUTE
    ../clib/signal.c                         0x00000000   Number         0  defsig_rtmem_inner.o ABSOLUTE
    ../clib/signal.c                         0x00000000   Number         0  defsig_fpe_formal.o ABSOLUTE
    ../clib/signal.c                         0x00000000   Number         0  defsig_other.o ABSOLUTE
    ../clib/signal.c                         0x00000000   Number         0  defsig_segv_inner.o ABSOLUTE
    ../clib/signal.c                         0x00000000   Number         0  defsig_cppl_inner.o ABSOLUTE
    ../clib/signal.c                         0x00000000   Number         0  defsig_pvfn_inner.o ABSOLUTE
    ../clib/signal.c                         0x00000000   Number         0  defsig_abrt_inner.o ABSOLUTE
    ../clib/signal.c                         0x00000000   Number         0  __raise.o ABSOLUTE
    ../clib/signal.c                         0x00000000   Number         0  defsig_general.o ABSOLUTE
    ../clib/signal.c                         0x00000000   Number         0  defsig_fpe_inner.o ABSOLUTE
    ../clib/signal.c                         0x00000000   Number         0  defsig_rtred_inner.o ABSOLUTE
    ../clib/signal.c                         0x00000000   Number         0  defsig_exit.o ABSOLUTE
    ../clib/signal.c                         0x00000000   Number         0  defsig_fpe_outer.o ABSOLUTE
    ../clib/signal.c                         0x00000000   Number         0  defsig_rtmem_formal.o ABSOLUTE
    ../clib/signal.c                         0x00000000   Number         0  defsig_stak_inner.o ABSOLUTE
    ../clib/signal.s                         0x00000000   Number         0  defsig.o ABSOLUTE
    ../clib/stdio.c                          0x00000000   Number         0  ferror_locked.o ABSOLUTE
    ../clib/stdio.c                          0x00000000   Number         0  ferror.o ABSOLUTE
    ../clib/stdlib.c                         0x00000000   Number         0  exit.o ABSOLUTE
    ../fplib/cfplib/fpinit.c                 0x00000000   Number         0  fpinit.o ABSOLUTE
    RTE\Device\MKL46Z256xxx4\startup_MKL46Z4.s 0x00000000   Number         0  startup_mkl46z4.o ABSOLUTE
    RTE\Device\MKL46Z256xxx4\system_MKL46Z4.c 0x00000000   Number         0  system_mkl46z4.o ABSOLUTE
    RTE\\Device\\MKL46Z256xxx4\\system_MKL46Z4.c 0x00000000   Number         0  system_mkl46z4.o ABSOLUTE
    dc.s                                     0x00000000   Number         0  dc.o ABSOLUTE
    src\\bh1750.c                            0x00000000   Number         0  bh1750.o ABSOLUTE
    src\\dht11.c                             0x00000000   Number         0  dht11.o ABSOLUTE
    src\\gpio.c                              0x00000000   Number         0  gpio.o ABSOLUTE
    src\\i2c.c                               0x00000000   Number         0  i2c.o ABSOLUTE
    src\\main.c                              0x00000000   Number         0  main.o ABSOLUTE
    src\\sys-tick.c                          0x00000000   Number         0  sys-tick.o ABSOLUTE
    src\\uart.c                              0x00000000   Number         0  uart.o ABSOLUTE
    src\bh1750.c                             0x00000000   Number         0  bh1750.o ABSOLUTE
    src\dht11.c                              0x00000000   Number         0  dht11.o ABSOLUTE
    src\gpio.c                               0x00000000   Number         0  gpio.o ABSOLUTE
    src\i2c.c                                0x00000000   Number         0  i2c.o ABSOLUTE
    src\main.c                               0x00000000   Number         0  main.o ABSOLUTE
    src\sys-tick.c                           0x00000000   Number         0  sys-tick.o ABSOLUTE
    src\uart.c                               0x00000000   Number         0  uart.o ABSOLUTE
    !!!main                                  0x000000c0   Section        8  __main.o(!!!main)
    !!!scatter                               0x000000c8   Section       60  __scatter.o(!!!scatter)
    !!handler_copy                           0x00000104   Section       26  __scatter_copy.o(!!handler_copy)
    !!handler_zi                             0x00000120   Section       28  __scatter_zi.o(!!handler_zi)
    .ARM.Collect$$_printf_percent$$00000000  0x0000013c   Section        2  _printf_percent.o(.ARM.Collect$$_printf_percent$$00000000)
    .ARM.Collect$$_printf_percent$$00000009  0x0000013e   Section       10  _printf_d.o(.ARM.Collect$$_printf_percent$$00000009)
    .ARM.Collect$$_printf_percent$$00000014  0x00000148   Section       10  _printf_s.o(.ARM.Collect$$_printf_percent$$00000014)
    .ARM.Collect$$_printf_percent$$00000017  0x00000152   Section        4  _printf_percent_end.o(.ARM.Collect$$_printf_percent$$00000017)
    .ARM.Collect$$libinit$$00000000          0x00000156   Section        2  libinit.o(.ARM.Collect$$libinit$$00000000)
    .ARM.Collect$$libinit$$00000002          0x00000158   Section        0  libinit2.o(.ARM.Collect$$libinit$$00000002)
    .ARM.Collect$$libinit$$00000004          0x00000158   Section        0  libinit2.o(.ARM.Collect$$libinit$$00000004)
    .ARM.Collect$$libinit$$0000000A          0x00000158   Section        0  libinit2.o(.ARM.Collect$$libinit$$0000000A)
    .ARM.Collect$$libinit$$0000000C          0x00000158   Section        0  libinit2.o(.ARM.Collect$$libinit$$0000000C)
    .ARM.Collect$$libinit$$0000000E          0x00000158   Section        0  libinit2.o(.ARM.Collect$$libinit$$0000000E)
    .ARM.Collect$$libinit$$00000011          0x00000158   Section        0  libinit2.o(.ARM.Collect$$libinit$$00000011)
    .ARM.Collect$$libinit$$00000013          0x00000158   Section        0  libinit2.o(.ARM.Collect$$libinit$$00000013)
    .ARM.Collect$$libinit$$00000015          0x00000158   Section        0  libinit2.o(.ARM.Collect$$libinit$$00000015)
    .ARM.Collect$$libinit$$00000017          0x00000158   Section        0  libinit2.o(.ARM.Collect$$libinit$$00000017)
    .ARM.Collect$$libinit$$00000019          0x00000158   Section        0  libinit2.o(.ARM.Collect$$libinit$$00000019)
    .ARM.Collect$$libinit$$0000001B          0x00000158   Section        0  libinit2.o(.ARM.Collect$$libinit$$0000001B)
    .ARM.Collect$$libinit$$0000001D          0x00000158   Section        0  libinit2.o(.ARM.Collect$$libinit$$0000001D)
    .ARM.Collect$$libinit$$0000001F          0x00000158   Section        0  libinit2.o(.ARM.Collect$$libinit$$0000001F)
    .ARM.Collect$$libinit$$00000021          0x00000158   Section        0  libinit2.o(.ARM.Collect$$libinit$$00000021)
    .ARM.Collect$$libinit$$00000023          0x00000158   Section        0  libinit2.o(.ARM.Collect$$libinit$$00000023)
    .ARM.Collect$$libinit$$00000025          0x00000158   Section        0  libinit2.o(.ARM.Collect$$libinit$$00000025)
    .ARM.Collect$$libinit$$0000002C          0x00000158   Section        0  libinit2.o(.ARM.Collect$$libinit$$0000002C)
    .ARM.Collect$$libinit$$0000002E          0x00000158   Section        0  libinit2.o(.ARM.Collect$$libinit$$0000002E)
    .ARM.Collect$$libinit$$00000030          0x00000158   Section        0  libinit2.o(.ARM.Collect$$libinit$$00000030)
    .ARM.Collect$$libinit$$00000032          0x00000158   Section        0  libinit2.o(.ARM.Collect$$libinit$$00000032)
    .ARM.Collect$$libinit$$00000033          0x00000158   Section        2  libinit2.o(.ARM.Collect$$libinit$$00000033)
    .ARM.Collect$$libshutdown$$00000000      0x0000015a   Section        2  libshutdown.o(.ARM.Collect$$libshutdown$$00000000)
    .ARM.Collect$$libshutdown$$00000003      0x0000015c   Section        0  libshutdown2.o(.ARM.Collect$$libshutdown$$00000003)
    .ARM.Collect$$libshutdown$$00000006      0x0000015c   Section        0  libshutdown2.o(.ARM.Collect$$libshutdown$$00000006)
    .ARM.Collect$$libshutdown$$00000009      0x0000015c   Section        0  libshutdown2.o(.ARM.Collect$$libshutdown$$00000009)
    .ARM.Collect$$libshutdown$$0000000B      0x0000015c   Section        0  libshutdown2.o(.ARM.Collect$$libshutdown$$0000000B)
    .ARM.Collect$$libshutdown$$0000000E      0x0000015c   Section        0  libshutdown2.o(.ARM.Collect$$libshutdown$$0000000E)
    .ARM.Collect$$libshutdown$$0000000F      0x0000015c   Section        2  libshutdown2.o(.ARM.Collect$$libshutdown$$0000000F)
    .ARM.Collect$$rtentry$$00000000          0x0000015e   Section        0  __rtentry.o(.ARM.Collect$$rtentry$$00000000)
    .ARM.Collect$$rtentry$$00000002          0x0000015e   Section        0  __rtentry2.o(.ARM.Collect$$rtentry$$00000002)
    .ARM.Collect$$rtentry$$00000004          0x0000015e   Section        6  __rtentry4.o(.ARM.Collect$$rtentry$$00000004)
    .ARM.Collect$$rtentry$$00000009          0x00000164   Section        0  __rtentry2.o(.ARM.Collect$$rtentry$$00000009)
    .ARM.Collect$$rtentry$$0000000A          0x00000164   Section        4  __rtentry2.o(.ARM.Collect$$rtentry$$0000000A)
    .ARM.Collect$$rtentry$$0000000C          0x00000168   Section        0  __rtentry2.o(.ARM.Collect$$rtentry$$0000000C)
    .ARM.Collect$$rtentry$$0000000D          0x00000168   Section        8  __rtentry2.o(.ARM.Collect$$rtentry$$0000000D)
    .ARM.Collect$$rtexit$$00000000           0x00000170   Section        2  rtexit.o(.ARM.Collect$$rtexit$$00000000)
    .ARM.Collect$$rtexit$$00000002           0x00000172   Section        0  rtexit2.o(.ARM.Collect$$rtexit$$00000002)
    .ARM.Collect$$rtexit$$00000003           0x00000172   Section        4  rtexit2.o(.ARM.Collect$$rtexit$$00000003)
    .ARM.Collect$$rtexit$$00000004           0x00000176   Section        6  rtexit2.o(.ARM.Collect$$rtexit$$00000004)
    .text                                    0x0000017c   Section       52  startup_mkl46z4.o(.text)
    .text                                    0x000001b0   Section        0  noretval__2printf.o(.text)
    .text                                    0x000001cc   Section        0  __printf.o(.text)
    .text                                    0x00000238   Section        0  _printf_str.o(.text)
    .text                                    0x0000028c   Section        0  _printf_dec.o(.text)
    .text                                    0x000002f8   Section        0  heapauxi.o(.text)
    .text                                    0x000002fe   Section        0  _printf_intcommon.o(.text)
    .text                                    0x000003ae   Section        0  _printf_char.o(.text)
    .text                                    0x000003dc   Section        0  ferror.o(.text)
    .text                                    0x000003e4   Section        0  exit.o(.text)
    .text                                    0x000003f0   Section        8  libspace.o(.text)
    .text                                    0x000003f8   Section        2  use_no_semi.o(.text)
    .text                                    0x000003fa   Section        0  indicate_semi.o(.text)
    i.I2C_Read_Byte                          0x000003fa   Section        0  i2c.o(i.I2C_Read_Byte)
    .ARM.__at_0x400                          0x00000400   Section       16  startup_mkl46z4.o(.ARM.__at_0x400)
    .text                                    0x00000410   Section      346  aeabi_sdiv.o(.text)
    .text                                    0x0000056c   Section        0  _printf_char_file.o(.text)
    .text                                    0x00000594   Section        0  rtudiv10.o(.text)
    .text                                    0x000005bc   Section        0  _printf_char_common.o(.text)
    _printf_input_char                       0x000005bd   Thumb Code    10  _printf_char_common.o(.text)
    .text                                    0x000005ec   Section       62  sys_stackheap_outer.o(.text)
    .text                                    0x0000062c   Section        0  sys_exit.o(.text)
    i.BH1750_init                            0x00000638   Section        0  bh1750.o(i.BH1750_init)
    i.DHT11_GetTemHumi                       0x00000678   Section        0  dht11.o(i.DHT11_GetTemHumi)
    i.DHT11_Init                             0x0000072c   Section        0  dht11.o(i.DHT11_Init)
    i.DHT11_Start                            0x00000750   Section        0  dht11.o(i.DHT11_Start)
    i.Gpio_Init                              0x000007d4   Section        0  gpio.o(i.Gpio_Init)
    i.I2C_Get_Ack                            0x00000838   Section        0  i2c.o(i.I2C_Get_Ack)
    i.I2C_Give_Ack                           0x0000084c   Section        0  i2c.o(i.I2C_Give_Ack)
    i.I2C_Init                               0x00000858   Section        0  i2c.o(i.I2C_Init)
    i.I2C_Set_Master_Mode                    0x0000088c   Section        0  i2c.o(i.I2C_Set_Master_Mode)
    i.I2C_Set_Rx_Mode                        0x00000896   Section        0  i2c.o(i.I2C_Set_Rx_Mode)
    i.I2C_Set_Slave_Mode                     0x000008a0   Section        0  i2c.o(i.I2C_Set_Slave_Mode)
    i.I2C_Set_Tx_Mode                        0x000008aa   Section        0  i2c.o(i.I2C_Set_Tx_Mode)
    i.I2C_Start                              0x000008b4   Section        0  i2c.o(i.I2C_Start)
    i.I2C_Stop                               0x000008c6   Section        0  i2c.o(i.I2C_Stop)
    i.I2C_Write_Byte                         0x000008d8   Section        0  i2c.o(i.I2C_Write_Byte)
    i.Init_Sys_Tick                          0x000008dc   Section        0  sys-tick.o(i.Init_Sys_Tick)
    i.NVIC_SetPriority                       0x00000904   Section        0  uart.o(i.NVIC_SetPriority)
    NVIC_SetPriority                         0x00000905   Thumb Code   110  uart.o(i.NVIC_SetPriority)
    i.SystemCoreClockUpdate                  0x0000097c   Section        0  system_mkl46z4.o(i.SystemCoreClockUpdate)
    i.SystemInit                             0x00000ad8   Section        0  system_mkl46z4.o(i.SystemInit)
    i.UART0RX_EnableIRQ                      0x00000ba8   Section        0  uart.o(i.UART0RX_EnableIRQ)
    i.UART0_GetChar                          0x00000bd4   Section        0  uart.o(i.UART0_GetChar)
    i.UART0_IRQHandler                       0x00000bec   Section        0  main.o(i.UART0_IRQHandler)
    i.UART0_Init                             0x00000c1c   Section        0  uart.o(i.UART0_Init)
    i.UART0_PinConf                          0x00000c88   Section        0  uart.o(i.UART0_PinConf)
    i.UART0_PutChar                          0x00000c98   Section        0  uart.o(i.UART0_PutChar)
    i.__ARM_common_switch8                   0x00000cb0   Section        0  system_mkl46z4.o(i.__ARM_common_switch8)
    i.delay                                  0x00000ccc   Section        0  main.o(i.delay)
    i.delay_us                               0x00000d54   Section        0  sys-tick.o(i.delay_us)
    i.fputc                                  0x00000d78   Section        0  uart.o(i.fputc)
    i.main                                   0x00000d88   Section        0  main.o(i.main)
    i.read_bh1750                            0x00000ed4   Section        0  bh1750.o(i.read_bh1750)
    .conststring                             0x00001024   Section        1  main.o(.conststring)
    .data                                    0x1fffe000   Section       28  main.o(.data)
    .data                                    0x1fffe01c   Section        8  uart.o(.data)
    .data                                    0x1fffe024   Section       16  bh1750.o(.data)
    .data                                    0x1fffe034   Section        4  system_mkl46z4.o(.data)
    .bss                                     0x1fffe038   Section       10  main.o(.bss)
    .bss                                     0x1fffe044   Section       96  libspace.o(.bss)
    HEAP                                     0x1fffe0a8   Section        0  startup_mkl46z4.o(HEAP)
    STACK                                    0x1fffe0a8   Section      256  startup_mkl46z4.o(STACK)
    Heap_Mem                                 0x1fffe0a8   Data           0  startup_mkl46z4.o(HEAP)
    Stack_Mem                                0x1fffe0a8   Data         256  startup_mkl46z4.o(STACK)
    __initial_sp                             0x1fffe1a8   Data           0  startup_mkl46z4.o(STACK)

    Global Symbols

    Symbol Name                              Value     Ov Type        Size  Object(Section)

    BuildAttributes$$THM_ISAv3M$S$PE$A:L22$X:L11$S22$IEEE1$IW$USESV6$~STKCKD$USESV7$~SHL$OSPACE$ROPI$EBA8$UX$STANDARDLIB$REQ8$PRES8$EABIv2 0x00000000   Number         0  anon$$obj.o ABSOLUTE
    __ARM_use_no_argv                        0x00000000   Number         0  main.o ABSOLUTE
    __Vectors                                0x00000000   Data           4  startup_mkl46z4.o(RESET)
    __ARM_exceptions_init                     - Undefined Weak Reference
    __alloca_initialize                       - Undefined Weak Reference
    __arm_preinit_                            - Undefined Weak Reference
    __cpp_initialize__aeabi_                  - Undefined Weak Reference
    __cxa_finalize                            - Undefined Weak Reference
    __rt_locale                               - Undefined Weak Reference
    __sigvec_lookup                           - Undefined Weak Reference
    _atexit_init                              - Undefined Weak Reference
    _call_atexit_fns                          - Undefined Weak Reference
    _clock_init                               - Undefined Weak Reference
    _fp_trap_init                             - Undefined Weak Reference
    _fp_trap_shutdown                         - Undefined Weak Reference
    _get_lc_collate                           - Undefined Weak Reference
    _get_lc_ctype                             - Undefined Weak Reference
    _get_lc_monetary                          - Undefined Weak Reference
    _get_lc_numeric                           - Undefined Weak Reference
    _get_lc_time                              - Undefined Weak Reference
    _getenv_init                              - Undefined Weak Reference
    _handle_redirection                       - Undefined Weak Reference
    _init_alloc                               - Undefined Weak Reference
    _init_user_alloc                          - Undefined Weak Reference
    _initio                                   - Undefined Weak Reference
    _mutex_acquire                            - Undefined Weak Reference
    _mutex_release                            - Undefined Weak Reference
    _printf_mbtowc                            - Undefined Weak Reference
    _printf_post_padding                      - Undefined Weak Reference
    _printf_pre_padding                       - Undefined Weak Reference
    _printf_truncate_signed                   - Undefined Weak Reference
    _printf_truncate_unsigned                 - Undefined Weak Reference
    _rand_init                                - Undefined Weak Reference
    _signal_finish                            - Undefined Weak Reference
    _signal_init                              - Undefined Weak Reference
    _terminate_alloc                          - Undefined Weak Reference
    _terminate_user_alloc                     - Undefined Weak Reference
    _terminateio                              - Undefined Weak Reference
    __Vectors_End                            0x000000c0   Data           0  startup_mkl46z4.o(RESET)
    __Vectors_Size                           0x000000c0   Number         0  startup_mkl46z4.o ABSOLUTE
    __main                                   0x000000c1   Thumb Code     8  __main.o(!!!main)
    __scatterload                            0x000000c9   Thumb Code     0  __scatter.o(!!!scatter)
    __scatterload_rt2                        0x000000c9   Thumb Code    52  __scatter.o(!!!scatter)
    __scatterload_rt2_thumb_only             0x000000c9   Thumb Code     0  __scatter.o(!!!scatter)
    __scatterload_null                       0x000000d9   Thumb Code     0  __scatter.o(!!!scatter)
    __scatterload_copy                       0x00000105   Thumb Code    26  __scatter_copy.o(!!handler_copy)
    __scatterload_zeroinit                   0x00000121   Thumb Code    28  __scatter_zi.o(!!handler_zi)
    _printf_percent                          0x0000013d   Thumb Code     0  _printf_percent.o(.ARM.Collect$$_printf_percent$$00000000)
    _printf_d                                0x0000013f   Thumb Code     0  _printf_d.o(.ARM.Collect$$_printf_percent$$00000009)
    _printf_s                                0x00000149   Thumb Code     0  _printf_s.o(.ARM.Collect$$_printf_percent$$00000014)
    _printf_percent_end                      0x00000153   Thumb Code     0  _printf_percent_end.o(.ARM.Collect$$_printf_percent$$00000017)
    __rt_lib_init                            0x00000157   Thumb Code     0  libinit.o(.ARM.Collect$$libinit$$00000000)
    __rt_lib_init_alloca_1                   0x00000159   Thumb Code     0  libinit2.o(.ARM.Collect$$libinit$$0000002E)
    __rt_lib_init_argv_1                     0x00000159   Thumb Code     0  libinit2.o(.ARM.Collect$$libinit$$0000002C)
    __rt_lib_init_atexit_1                   0x00000159   Thumb Code     0  libinit2.o(.ARM.Collect$$libinit$$0000001B)
    __rt_lib_init_clock_1                    0x00000159   Thumb Code     0  libinit2.o(.ARM.Collect$$libinit$$00000021)
    __rt_lib_init_cpp_1                      0x00000159   Thumb Code     0  libinit2.o(.ARM.Collect$$libinit$$00000032)
    __rt_lib_init_exceptions_1               0x00000159   Thumb Code     0  libinit2.o(.ARM.Collect$$libinit$$00000030)
    __rt_lib_init_fp_1                       0x00000159   Thumb Code     0  libinit2.o(.ARM.Collect$$libinit$$00000002)
    __rt_lib_init_fp_trap_1                  0x00000159   Thumb Code     0  libinit2.o(.ARM.Collect$$libinit$$0000001F)
    __rt_lib_init_getenv_1                   0x00000159   Thumb Code     0  libinit2.o(.ARM.Collect$$libinit$$00000023)
    __rt_lib_init_heap_1                     0x00000159   Thumb Code     0  libinit2.o(.ARM.Collect$$libinit$$0000000A)
    __rt_lib_init_lc_collate_1               0x00000159   Thumb Code     0  libinit2.o(.ARM.Collect$$libinit$$00000011)
    __rt_lib_init_lc_ctype_1                 0x00000159   Thumb Code     0  libinit2.o(.ARM.Collect$$libinit$$00000013)
    __rt_lib_init_lc_monetary_1              0x00000159   Thumb Code     0  libinit2.o(.ARM.Collect$$libinit$$00000015)
    __rt_lib_init_lc_numeric_1               0x00000159   Thumb Code     0  libinit2.o(.ARM.Collect$$libinit$$00000017)
    __rt_lib_init_lc_time_1                  0x00000159   Thumb Code     0  libinit2.o(.ARM.Collect$$libinit$$00000019)
    __rt_lib_init_preinit_1                  0x00000159   Thumb Code     0  libinit2.o(.ARM.Collect$$libinit$$00000004)
    __rt_lib_init_rand_1                     0x00000159   Thumb Code     0  libinit2.o(.ARM.Collect$$libinit$$0000000E)
    __rt_lib_init_return                     0x00000159   Thumb Code     0  libinit2.o(.ARM.Collect$$libinit$$00000033)
    __rt_lib_init_signal_1                   0x00000159   Thumb Code     0  libinit2.o(.ARM.Collect$$libinit$$0000001D)
    __rt_lib_init_stdio_1                    0x00000159   Thumb Code     0  libinit2.o(.ARM.Collect$$libinit$$00000025)
    __rt_lib_init_user_alloc_1               0x00000159   Thumb Code     0  libinit2.o(.ARM.Collect$$libinit$$0000000C)
    __rt_lib_shutdown                        0x0000015b   Thumb Code     0  libshutdown.o(.ARM.Collect$$libshutdown$$00000000)
    __rt_lib_shutdown_fp_trap_1              0x0000015d   Thumb Code     0  libshutdown2.o(.ARM.Collect$$libshutdown$$00000006)
    __rt_lib_shutdown_heap_1                 0x0000015d   Thumb Code     0  libshutdown2.o(.ARM.Collect$$libshutdown$$0000000E)
    __rt_lib_shutdown_return                 0x0000015d   Thumb Code     0  libshutdown2.o(.ARM.Collect$$libshutdown$$0000000F)
    __rt_lib_shutdown_signal_1               0x0000015d   Thumb Code     0  libshutdown2.o(.ARM.Collect$$libshutdown$$00000009)
    __rt_lib_shutdown_stdio_1                0x0000015d   Thumb Code     0  libshutdown2.o(.ARM.Collect$$libshutdown$$00000003)
    __rt_lib_shutdown_user_alloc_1           0x0000015d   Thumb Code     0  libshutdown2.o(.ARM.Collect$$libshutdown$$0000000B)
    __rt_entry                               0x0000015f   Thumb Code     0  __rtentry.o(.ARM.Collect$$rtentry$$00000000)
    __rt_entry_presh_1                       0x0000015f   Thumb Code     0  __rtentry2.o(.ARM.Collect$$rtentry$$00000002)
    __rt_entry_sh                            0x0000015f   Thumb Code     0  __rtentry4.o(.ARM.Collect$$rtentry$$00000004)
    __rt_entry_li                            0x00000165   Thumb Code     0  __rtentry2.o(.ARM.Collect$$rtentry$$0000000A)
    __rt_entry_postsh_1                      0x00000165   Thumb Code     0  __rtentry2.o(.ARM.Collect$$rtentry$$00000009)
    __rt_entry_main                          0x00000169   Thumb Code     0  __rtentry2.o(.ARM.Collect$$rtentry$$0000000D)
    __rt_entry_postli_1                      0x00000169   Thumb Code     0  __rtentry2.o(.ARM.Collect$$rtentry$$0000000C)
    __rt_exit                                0x00000171   Thumb Code     0  rtexit.o(.ARM.Collect$$rtexit$$00000000)
    __rt_exit_ls                             0x00000173   Thumb Code     0  rtexit2.o(.ARM.Collect$$rtexit$$00000003)
    __rt_exit_prels_1                        0x00000173   Thumb Code     0  rtexit2.o(.ARM.Collect$$rtexit$$00000002)
    __rt_exit_exit                           0x00000177   Thumb Code     0  rtexit2.o(.ARM.Collect$$rtexit$$00000004)
    Reset_Handler                            0x0000017d   Thumb Code     8  startup_mkl46z4.o(.text)
    NMI_Handler                              0x00000185   Thumb Code     2  startup_mkl46z4.o(.text)
    HardFault_Handler                        0x00000187   Thumb Code     2  startup_mkl46z4.o(.text)
    SVC_Handler                              0x00000189   Thumb Code     2  startup_mkl46z4.o(.text)
    PendSV_Handler                           0x0000018b   Thumb Code     2  startup_mkl46z4.o(.text)
    SysTick_Handler                          0x0000018d   Thumb Code     2  startup_mkl46z4.o(.text)
    ADC0_IRQHandler                          0x0000018f   Thumb Code     0  startup_mkl46z4.o(.text)
    CMP0_IRQHandler                          0x0000018f   Thumb Code     0  startup_mkl46z4.o(.text)
    DAC0_IRQHandler                          0x0000018f   Thumb Code     0  startup_mkl46z4.o(.text)
    DMA0_IRQHandler                          0x0000018f   Thumb Code     0  startup_mkl46z4.o(.text)
    DMA1_IRQHandler                          0x0000018f   Thumb Code     0  startup_mkl46z4.o(.text)
    DMA2_IRQHandler                          0x0000018f   Thumb Code     0  startup_mkl46z4.o(.text)
    DMA3_IRQHandler                          0x0000018f   Thumb Code     0  startup_mkl46z4.o(.text)
    DefaultISR                               0x0000018f   Thumb Code     0  startup_mkl46z4.o(.text)
    FTFA_IRQHandler                          0x0000018f   Thumb Code     0  startup_mkl46z4.o(.text)
    I2C0_IRQHandler                          0x0000018f   Thumb Code     0  startup_mkl46z4.o(.text)
    I2C1_IRQHandler                          0x0000018f   Thumb Code     0  startup_mkl46z4.o(.text)
    I2S0_IRQHandler                          0x0000018f   Thumb Code     0  startup_mkl46z4.o(.text)
    LCD_IRQHandler                           0x0000018f   Thumb Code     0  startup_mkl46z4.o(.text)
    LLW_IRQHandler                           0x0000018f   Thumb Code     0  startup_mkl46z4.o(.text)
    LPTimer_IRQHandler                       0x0000018f   Thumb Code     0  startup_mkl46z4.o(.text)
    LVD_LVW_IRQHandler                       0x0000018f   Thumb Code     0  startup_mkl46z4.o(.text)
    MCG_IRQHandler                           0x0000018f   Thumb Code     0  startup_mkl46z4.o(.text)
    PIT_IRQHandler                           0x0000018f   Thumb Code     0  startup_mkl46z4.o(.text)
    PORTA_IRQHandler                         0x0000018f   Thumb Code     0  startup_mkl46z4.o(.text)
    PORTC_PORTD_IRQHandler                   0x0000018f   Thumb Code     0  startup_mkl46z4.o(.text)
    RTC_IRQHandler                           0x0000018f   Thumb Code     0  startup_mkl46z4.o(.text)
    RTC_Seconds_IRQHandler                   0x0000018f   Thumb Code     0  startup_mkl46z4.o(.text)
    Reserved20_IRQHandler                    0x0000018f   Thumb Code     0  startup_mkl46z4.o(.text)
    SPI0_IRQHandler                          0x0000018f   Thumb Code     0  startup_mkl46z4.o(.text)
    SPI1_IRQHandler                          0x0000018f   Thumb Code     0  startup_mkl46z4.o(.text)
    TPM0_IRQHandler                          0x0000018f   Thumb Code     0  startup_mkl46z4.o(.text)
    TPM1_IRQHandler                          0x0000018f   Thumb Code     0  startup_mkl46z4.o(.text)
    TPM2_IRQHandler                          0x0000018f   Thumb Code     0  startup_mkl46z4.o(.text)
    TSI0_IRQHandler                          0x0000018f   Thumb Code     0  startup_mkl46z4.o(.text)
    UART1_IRQHandler                         0x0000018f   Thumb Code     0  startup_mkl46z4.o(.text)
    UART2_IRQHandler                         0x0000018f   Thumb Code     0  startup_mkl46z4.o(.text)
    USB0_IRQHandler                          0x0000018f   Thumb Code     0  startup_mkl46z4.o(.text)
    __user_initial_stackheap                 0x00000191   Thumb Code     0  startup_mkl46z4.o(.text)
    __2printf                                0x000001b1   Thumb Code    22  noretval__2printf.o(.text)
    __printf                                 0x000001cd   Thumb Code   108  __printf.o(.text)
    _printf_str                              0x00000239   Thumb Code    82  _printf_str.o(.text)
    _printf_int_dec                          0x0000028d   Thumb Code    90  _printf_dec.o(.text)
    __use_two_region_memory                  0x000002f9   Thumb Code     2  heapauxi.o(.text)
    __rt_heap_escrow$2region                 0x000002fb   Thumb Code     2  heapauxi.o(.text)
    __rt_heap_expand$2region                 0x000002fd   Thumb Code     2  heapauxi.o(.text)
    _printf_int_common                       0x000002ff   Thumb Code   176  _printf_intcommon.o(.text)
    _printf_cs_common                        0x000003af   Thumb Code    22  _printf_char.o(.text)
    _printf_char                             0x000003c5   Thumb Code    16  _printf_char.o(.text)
    _printf_string                           0x000003d5   Thumb Code     8  _printf_char.o(.text)
    ferror                                   0x000003dd   Thumb Code     8  ferror.o(.text)
    exit                                     0x000003e5   Thumb Code    12  exit.o(.text)
    __user_libspace                          0x000003f1   Thumb Code     8  libspace.o(.text)
    __user_perproc_libspace                  0x000003f1   Thumb Code     0  libspace.o(.text)
    __user_perthread_libspace                0x000003f1   Thumb Code     0  libspace.o(.text)
    __I$use$semihosting                      0x000003f9   Thumb Code     0  use_no_semi.o(.text)
    __use_no_semihosting_swi                 0x000003f9   Thumb Code     2  use_no_semi.o(.text)
    I2C_Read_Byte                            0x000003fb   Thumb Code     6  i2c.o(i.I2C_Read_Byte)
    __semihosting_library_function           0x000003fb   Thumb Code     0  indicate_semi.o(.text)
    __aeabi_uidiv                            0x00000411   Thumb Code     0  aeabi_sdiv.o(.text)
    __aeabi_uidivmod                         0x00000411   Thumb Code    20  aeabi_sdiv.o(.text)
    __aeabi_idiv                             0x00000425   Thumb Code     0  aeabi_sdiv.o(.text)
    __aeabi_idivmod                          0x00000425   Thumb Code   326  aeabi_sdiv.o(.text)
    _printf_char_file                        0x0000056d   Thumb Code    34  _printf_char_file.o(.text)
    __rt_udiv10                              0x00000595   Thumb Code    40  rtudiv10.o(.text)
    _printf_char_common                      0x000005c7   Thumb Code    32  _printf_char_common.o(.text)
    __user_setup_stackheap                   0x000005ed   Thumb Code    62  sys_stackheap_outer.o(.text)
    _sys_exit                                0x0000062d   Thumb Code     8  sys_exit.o(.text)
    BH1750_init                              0x00000639   Thumb Code    52  bh1750.o(i.BH1750_init)
    DHT11_GetTemHumi                         0x00000679   Thumb Code   172  dht11.o(i.DHT11_GetTemHumi)
    DHT11_Init                               0x0000072d   Thumb Code    28  dht11.o(i.DHT11_Init)
    DHT11_Start                              0x00000751   Thumb Code   124  dht11.o(i.DHT11_Start)
    Gpio_Init                                0x000007d5   Thumb Code    88  gpio.o(i.Gpio_Init)
    I2C_Get_Ack                              0x00000839   Thumb Code    20  i2c.o(i.I2C_Get_Ack)
    I2C_Give_Ack                             0x0000084d   Thumb Code    10  i2c.o(i.I2C_Give_Ack)
    I2C_Init                                 0x00000859   Thumb Code    42  i2c.o(i.I2C_Init)
    I2C_Set_Master_Mode                      0x0000088d   Thumb Code    10  i2c.o(i.I2C_Set_Master_Mode)
    I2C_Set_Rx_Mode                          0x00000897   Thumb Code    10  i2c.o(i.I2C_Set_Rx_Mode)
    I2C_Set_Slave_Mode                       0x000008a1   Thumb Code    10  i2c.o(i.I2C_Set_Slave_Mode)
    I2C_Set_Tx_Mode                          0x000008ab   Thumb Code    10  i2c.o(i.I2C_Set_Tx_Mode)
    I2C_Start                                0x000008b5   Thumb Code    18  i2c.o(i.I2C_Start)
    I2C_Stop                                 0x000008c7   Thumb Code    18  i2c.o(i.I2C_Stop)
    I2C_Write_Byte                           0x000008d9   Thumb Code     4  i2c.o(i.I2C_Write_Byte)
    Init_Sys_Tick                            0x000008dd   Thumb Code    26  sys-tick.o(i.Init_Sys_Tick)
    SystemCoreClockUpdate                    0x0000097d   Thumb Code   320  system_mkl46z4.o(i.SystemCoreClockUpdate)
    SystemInit                               0x00000ad9   Thumb Code   180  system_mkl46z4.o(i.SystemInit)
    UART0RX_EnableIRQ                        0x00000ba9   Thumb Code    36  uart.o(i.UART0RX_EnableIRQ)
    UART0_GetChar                            0x00000bd5   Thumb Code    20  uart.o(i.UART0_GetChar)
    UART0_IRQHandler                         0x00000bed   Thumb Code    38  main.o(i.UART0_IRQHandler)
    UART0_Init                               0x00000c1d   Thumb Code   100  uart.o(i.UART0_Init)
    UART0_PinConf                            0x00000c89   Thumb Code    12  uart.o(i.UART0_PinConf)
    UART0_PutChar                            0x00000c99   Thumb Code    20  uart.o(i.UART0_PutChar)
    __ARM_common_switch8                     0x00000cb1   Thumb Code    28  system_mkl46z4.o(i.__ARM_common_switch8)
    delay                                    0x00000ccd   Thumb Code   128  main.o(i.delay)
    delay_us                                 0x00000d55   Thumb Code    32  sys-tick.o(i.delay_us)
    fputc                                    0x00000d79   Thumb Code    16  uart.o(i.fputc)
    main                                     0x00000d89   Thumb Code   210  main.o(i.main)
    read_bh1750                              0x00000ed5   Thumb Code   300  bh1750.o(i.read_bh1750)
    Region$$Table$$Base                      0x00001028   Number         0  anon$$obj.o(Region$$Table)
    Region$$Table$$Limit                     0x00001048   Number         0  anon$$obj.o(Region$$Table)
    i                                        0x1fffe000   Data           1  main.o(.data)
    j                                        0x1fffe001   Data           1  main.o(.data)
    nhietdo_c                                0x1fffe002   Data           1  main.o(.data)
    nhietdo_dv                               0x1fffe003   Data           1  main.o(.data)
    doam_c                                   0x1fffe004   Data           1  main.o(.data)
    doam_dv                                  0x1fffe005   Data           1  main.o(.data)
    id                                       0x1fffe006   Data           3  main.o(.data)
    dev1                                     0x1fffe009   Data           4  main.o(.data)
    dev2                                     0x1fffe00d   Data           4  main.o(.data)
    lux                                      0x1fffe012   Data           2  main.o(.data)
    stt1                                     0x1fffe014   Data           4  main.o(.data)
    stt2                                     0x1fffe018   Data           4  main.o(.data)
    __stdout                                 0x1fffe01c   Data           4  uart.o(.data)
    __stdin                                  0x1fffe020   Data           4  uart.o(.data)
    _DEVICE_L                                0x1fffe024   Data           1  bh1750.o(.data)
    _DEVICE_H                                0x1fffe025   Data           1  bh1750.o(.data)
    POWER_DOWN                               0x1fffe026   Data           1  bh1750.o(.data)
    POWER_ON                                 0x1fffe027   Data           1  bh1750.o(.data)
    RESET                                    0x1fffe028   Data           1  bh1750.o(.data)
    CONTINUOUS_LOW_RES_MODE                  0x1fffe029   Data           1  bh1750.o(.data)
    CONTINUOUS_HIGH_RES_MODE_1               0x1fffe02a   Data           1  bh1750.o(.data)
    CONTINUOUS_HIGH_RES_MODE_2               0x1fffe02b   Data           1  bh1750.o(.data)
    ONE_TIME_HIGH_RES_MODE_1                 0x1fffe02c   Data           1  bh1750.o(.data)
    ONE_TIME_HIGH_RES_MODE_2                 0x1fffe02d   Data           1  bh1750.o(.data)
    ONE_TIME_LOW_RES_MODE                    0x1fffe02e   Data           1  bh1750.o(.data)
    _BYTE_DATA_H                             0x1fffe02f   Data           1  bh1750.o(.data)
    _BYTE_DATA_L                             0x1fffe030   Data           1  bh1750.o(.data)
    _DATA                                    0x1fffe032   Data           2  bh1750.o(.data)
    SystemCoreClock                          0x1fffe034   Data           4  system_mkl46z4.o(.data)
    rev                                      0x1fffe038   Data          10  main.o(.bss)
    __libspace_start                         0x1fffe044   Data          96  libspace.o(.bss)
    __temporary_stack_top$libspace           0x1fffe0a4   Data           0  libspace.o(.bss)



==============================================================================

Memory Map of the image

  Image Entry point : 0x000000c1

  Load Region LR_IROM1 (Base: 0x00000000, Size: 0x00001080, Max: 0x00040000, ABSOLUTE)

    Execution Region ER_IROM1 (Base: 0x00000000, Size: 0x00001048, Max: 0x00040000, ABSOLUTE)

    Base Addr    Size         Type   Attr      Idx    E Section Name        Object

    0x00000000   0x000000c0   Data   RO          402    RESET               startup_mkl46z4.o
    0x000000c0   0x00000008   Code   RO          485  * !!!main             c_p.l(__main.o)
    0x000000c8   0x0000003c   Code   RO          670    !!!scatter          c_p.l(__scatter.o)
    0x00000104   0x0000001a   Code   RO          672    !!handler_copy      c_p.l(__scatter_copy.o)
    0x0000011e   0x00000002   PAD
    0x00000120   0x0000001c   Code   RO          674    !!handler_zi        c_p.l(__scatter_zi.o)
    0x0000013c   0x00000002   Code   RO          478    .ARM.Collect$$_printf_percent$$00000000  c_p.l(_printf_percent.o)
    0x0000013e   0x0000000a   Code   RO          477    .ARM.Collect$$_printf_percent$$00000009  c_p.l(_printf_d.o)
    0x00000148   0x0000000a   Code   RO          476    .ARM.Collect$$_printf_percent$$00000014  c_p.l(_printf_s.o)
    0x00000152   0x00000004   Code   RO          498    .ARM.Collect$$_printf_percent$$00000017  c_p.l(_printf_percent_end.o)
    0x00000156   0x00000002   Code   RO          540    .ARM.Collect$$libinit$$00000000  c_p.l(libinit.o)
    0x00000158   0x00000000   Code   RO          554    .ARM.Collect$$libinit$$00000002  c_p.l(libinit2.o)
    0x00000158   0x00000000   Code   RO          556    .ARM.Collect$$libinit$$00000004  c_p.l(libinit2.o)
    0x00000158   0x00000000   Code   RO          559    .ARM.Collect$$libinit$$0000000A  c_p.l(libinit2.o)
    0x00000158   0x00000000   Code   RO          561    .ARM.Collect$$libinit$$0000000C  c_p.l(libinit2.o)
    0x00000158   0x00000000   Code   RO          563    .ARM.Collect$$libinit$$0000000E  c_p.l(libinit2.o)
    0x00000158   0x00000000   Code   RO          566    .ARM.Collect$$libinit$$00000011  c_p.l(libinit2.o)
    0x00000158   0x00000000   Code   RO          568    .ARM.Collect$$libinit$$00000013  c_p.l(libinit2.o)
    0x00000158   0x00000000   Code   RO          570    .ARM.Collect$$libinit$$00000015  c_p.l(libinit2.o)
    0x00000158   0x00000000   Code   RO          572    .ARM.Collect$$libinit$$00000017  c_p.l(libinit2.o)
    0x00000158   0x00000000   Code   RO          574    .ARM.Collect$$libinit$$00000019  c_p.l(libinit2.o)
    0x00000158   0x00000000   Code   RO          576    .ARM.Collect$$libinit$$0000001B  c_p.l(libinit2.o)
    0x00000158   0x00000000   Code   RO          578    .ARM.Collect$$libinit$$0000001D  c_p.l(libinit2.o)
    0x00000158   0x00000000   Code   RO          580    .ARM.Collect$$libinit$$0000001F  c_p.l(libinit2.o)
    0x00000158   0x00000000   Code   RO          582    .ARM.Collect$$libinit$$00000021  c_p.l(libinit2.o)
    0x00000158   0x00000000   Code   RO          584    .ARM.Collect$$libinit$$00000023  c_p.l(libinit2.o)
    0x00000158   0x00000000   Code   RO          586    .ARM.Collect$$libinit$$00000025  c_p.l(libinit2.o)
    0x00000158   0x00000000   Code   RO          590    .ARM.Collect$$libinit$$0000002C  c_p.l(libinit2.o)
    0x00000158   0x00000000   Code   RO          592    .ARM.Collect$$libinit$$0000002E  c_p.l(libinit2.o)
    0x00000158   0x00000000   Code   RO          594    .ARM.Collect$$libinit$$00000030  c_p.l(libinit2.o)
    0x00000158   0x00000000   Code   RO          596    .ARM.Collect$$libinit$$00000032  c_p.l(libinit2.o)
    0x00000158   0x00000002   Code   RO          597    .ARM.Collect$$libinit$$00000033  c_p.l(libinit2.o)
    0x0000015a   0x00000002   Code   RO          628    .ARM.Collect$$libshutdown$$00000000  c_p.l(libshutdown.o)
    0x0000015c   0x00000000   Code   RO          655    .ARM.Collect$$libshutdown$$00000003  c_p.l(libshutdown2.o)
    0x0000015c   0x00000000   Code   RO          658    .ARM.Collect$$libshutdown$$00000006  c_p.l(libshutdown2.o)
    0x0000015c   0x00000000   Code   RO          661    .ARM.Collect$$libshutdown$$00000009  c_p.l(libshutdown2.o)
    0x0000015c   0x00000000   Code   RO          663    .ARM.Collect$$libshutdown$$0000000B  c_p.l(libshutdown2.o)
    0x0000015c   0x00000000   Code   RO          666    .ARM.Collect$$libshutdown$$0000000E  c_p.l(libshutdown2.o)
    0x0000015c   0x00000002   Code   RO          667    .ARM.Collect$$libshutdown$$0000000F  c_p.l(libshutdown2.o)
    0x0000015e   0x00000000   Code   RO          487    .ARM.Collect$$rtentry$$00000000  c_p.l(__rtentry.o)
    0x0000015e   0x00000000   Code   RO          502    .ARM.Collect$$rtentry$$00000002  c_p.l(__rtentry2.o)
    0x0000015e   0x00000006   Code   RO          514    .ARM.Collect$$rtentry$$00000004  c_p.l(__rtentry4.o)
    0x00000164   0x00000000   Code   RO          504    .ARM.Collect$$rtentry$$00000009  c_p.l(__rtentry2.o)
    0x00000164   0x00000004   Code   RO          505    .ARM.Collect$$rtentry$$0000000A  c_p.l(__rtentry2.o)
    0x00000168   0x00000000   Code   RO          507    .ARM.Collect$$rtentry$$0000000C  c_p.l(__rtentry2.o)
    0x00000168   0x00000008   Code   RO          508    .ARM.Collect$$rtentry$$0000000D  c_p.l(__rtentry2.o)
    0x00000170   0x00000002   Code   RO          545    .ARM.Collect$$rtexit$$00000000  c_p.l(rtexit.o)
    0x00000172   0x00000000   Code   RO          601    .ARM.Collect$$rtexit$$00000002  c_p.l(rtexit2.o)
    0x00000172   0x00000004   Code   RO          602    .ARM.Collect$$rtexit$$00000003  c_p.l(rtexit2.o)
    0x00000176   0x00000006   Code   RO          603    .ARM.Collect$$rtexit$$00000004  c_p.l(rtexit2.o)
    0x0000017c   0x00000034   Code   RO          404    .text               startup_mkl46z4.o
    0x000001b0   0x0000001c   Code   RO          448    .text               c_p.l(noretval__2printf.o)
    0x000001cc   0x0000006c   Code   RO          450    .text               c_p.l(__printf.o)
    0x00000238   0x00000052   Code   RO          452    .text               c_p.l(_printf_str.o)
    0x0000028a   0x00000002   PAD
    0x0000028c   0x0000006c   Code   RO          454    .text               c_p.l(_printf_dec.o)
    0x000002f8   0x00000006   Code   RO          483    .text               c_p.l(heapauxi.o)
    0x000002fe   0x000000b0   Code   RO          492    .text               c_p.l(_printf_intcommon.o)
    0x000003ae   0x0000002e   Code   RO          494    .text               c_p.l(_printf_char.o)
    0x000003dc   0x00000008   Code   RO          520    .text               c_p.l(ferror.o)
    0x000003e4   0x0000000c   Code   RO          529    .text               c_p.l(exit.o)
    0x000003f0   0x00000008   Code   RO          541    .text               c_p.l(libspace.o)
    0x000003f8   0x00000002   Code   RO          617    .text               c_p.l(use_no_semi.o)
    0x000003fa   0x00000000   Code   RO          619    .text               c_p.l(indicate_semi.o)
    0x000003fa   0x00000006   Code   RO          298    i.I2C_Read_Byte     i2c.o
    0x00000400   0x00000010   Code   RO          403    .ARM.__at_0x400     startup_mkl46z4.o
    0x00000410   0x0000015a   Code   RO          479    .text               c_p.l(aeabi_sdiv.o)
    0x0000056a   0x00000002   PAD
    0x0000056c   0x00000028   Code   RO          496    .text               c_p.l(_printf_char_file.o)
    0x00000594   0x00000028   Code   RO          499    .text               c_p.l(rtudiv10.o)
    0x000005bc   0x00000030   Code   RO          518    .text               c_p.l(_printf_char_common.o)
    0x000005ec   0x0000003e   Code   RO          524    .text               c_p.l(sys_stackheap_outer.o)
    0x0000062a   0x00000002   PAD
    0x0000062c   0x0000000c   Code   RO          598    .text               c_p.l(sys_exit.o)
    0x00000638   0x00000040   Code   RO          260    i.BH1750_init       bh1750.o
    0x00000678   0x000000b4   Code   RO          208    i.DHT11_GetTemHumi  dht11.o
    0x0000072c   0x00000024   Code   RO          209    i.DHT11_Init        dht11.o
    0x00000750   0x00000084   Code   RO          210    i.DHT11_Start       dht11.o
    0x000007d4   0x00000064   Code   RO          240    i.Gpio_Init         gpio.o
    0x00000838   0x00000014   Code   RO          294    i.I2C_Get_Ack       i2c.o
    0x0000084c   0x0000000a   Code   RO          295    i.I2C_Give_Ack      i2c.o
    0x00000856   0x00000002   PAD
    0x00000858   0x00000034   Code   RO          297    i.I2C_Init          i2c.o
    0x0000088c   0x0000000a   Code   RO          300    i.I2C_Set_Master_Mode  i2c.o
    0x00000896   0x0000000a   Code   RO          301    i.I2C_Set_Rx_Mode   i2c.o
    0x000008a0   0x0000000a   Code   RO          302    i.I2C_Set_Slave_Mode  i2c.o
    0x000008aa   0x0000000a   Code   RO          303    i.I2C_Set_Tx_Mode   i2c.o
    0x000008b4   0x00000012   Code   RO          304    i.I2C_Start         i2c.o
    0x000008c6   0x00000012   Code   RO          305    i.I2C_Stop          i2c.o
    0x000008d8   0x00000004   Code   RO          307    i.I2C_Write_Byte    i2c.o
    0x000008dc   0x00000028   Code   RO          179    i.Init_Sys_Tick     sys-tick.o
    0x00000904   0x00000078   Code   RO           96    i.NVIC_SetPriority  uart.o
    0x0000097c   0x0000015c   Code   RO          412    i.SystemCoreClockUpdate  system_mkl46z4.o
    0x00000ad8   0x000000d0   Code   RO          413    i.SystemInit        system_mkl46z4.o
    0x00000ba8   0x0000002c   Code   RO           98    i.UART0RX_EnableIRQ  uart.o
    0x00000bd4   0x00000018   Code   RO          100    i.UART0_GetChar     uart.o
    0x00000bec   0x00000030   Code   RO            3    i.UART0_IRQHandler  main.o
    0x00000c1c   0x0000006c   Code   RO          101    i.UART0_Init        uart.o
    0x00000c88   0x00000010   Code   RO          102    i.UART0_PinConf     uart.o
    0x00000c98   0x00000018   Code   RO          103    i.UART0_PutChar     uart.o
    0x00000cb0   0x0000001c   Code   RO          436    i.__ARM_common_switch8  system_mkl46z4.o
    0x00000ccc   0x00000088   Code   RO            4    i.delay             main.o
    0x00000d54   0x00000024   Code   RO          180    i.delay_us          sys-tick.o
    0x00000d78   0x00000010   Code   RO          105    i.fputc             uart.o
    0x00000d88   0x0000014c   Code   RO            5    i.main              main.o
    0x00000ed4   0x00000150   Code   RO          261    i.read_bh1750       bh1750.o
    0x00001024   0x00000001   Data   RO            7    .conststring        main.o
    0x00001025   0x00000003   PAD
    0x00001028   0x00000020   Data   RO          668    Region$$Table       anon$$obj.o


    Execution Region RW_IRAM1 (Base: 0x1fffe000, Size: 0x000001a8, Max: 0x00008000, ABSOLUTE)

    Base Addr    Size         Type   Attr      Idx    E Section Name        Object

    0x1fffe000   0x0000001c   Data   RW            8    .data               main.o
    0x1fffe01c   0x00000008   Data   RW          106    .data               uart.o
    0x1fffe024   0x00000010   Data   RW          262    .data               bh1750.o
    0x1fffe034   0x00000004   Data   RW          414    .data               system_mkl46z4.o
    0x1fffe038   0x0000000a   Zero   RW            6    .bss                main.o
    0x1fffe042   0x00000002   PAD
    0x1fffe044   0x00000060   Zero   RW          542    .bss                c_p.l(libspace.o)
    0x1fffe0a4   0x00000004   PAD
    0x1fffe0a8   0x00000000   Zero   RW          401    HEAP                startup_mkl46z4.o
    0x1fffe0a8   0x00000100   Zero   RW          400    STACK               startup_mkl46z4.o


==============================================================================

Image component sizes


      Code (inc. data)   RO Data    RW Data    ZI Data      Debug   Object Name

       400         48          0         16          0       1882   bh1750.o
       348         24          0          0          0       2022   dht11.o
       100         12          0          0          0        376   gpio.o
       168         10          0          0          0       4763   i2c.o
       516        140          1         28         10     142983   main.o
        68         38        192          0        256        828   startup_mkl46z4.o
        76         18          0          0          0        835   sys-tick.o
       584         66          0          4          0       1555   system_mkl46z4.o
       352         38          0          8          0      10999   uart.o

    ----------------------------------------------------------------------
      2614        394        228         56        268     166243   Object Totals
         0          0         32          0          0          0   (incl. Generated)
         2          0          3          0          2          0   (incl. Padding)

    ----------------------------------------------------------------------

      Code (inc. data)   RO Data    RW Data    ZI Data      Debug   Library Member Name

         8          0          0          0          0         68   __main.o
       108          0          0          0          0         76   __printf.o
         0          0          0          0          0          0   __rtentry.o
        12          0          0          0          0          0   __rtentry2.o
         6          0          0          0          0          0   __rtentry4.o
        60          8          0          0          0          0   __scatter.o
        26          0          0          0          0          0   __scatter_copy.o
        28          0          0          0          0          0   __scatter_zi.o
        46          0          0          0          0        100   _printf_char.o
        48          6          0          0          0         88   _printf_char_common.o
        40          6          0          0          0         72   _printf_char_file.o
        10          0          0          0          0          0   _printf_d.o
       108         18          0          0          0         76   _printf_dec.o
       176          0          0          0          0         84   _printf_intcommon.o
         2          0          0          0          0          0   _printf_percent.o
         4          0          0          0          0          0   _printf_percent_end.o
        10          0          0          0          0          0   _printf_s.o
        82          0          0          0          0         72   _printf_str.o
       346          0          0          0          0         92   aeabi_sdiv.o
        12          0          0          0          0         64   exit.o
         8          0          0          0          0         60   ferror.o
         6          0          0          0          0        136   heapauxi.o
         0          0          0          0          0          0   indicate_semi.o
         2          0          0          0          0          0   libinit.o
         2          0          0          0          0          0   libinit2.o
         2          0          0          0          0          0   libshutdown.o
         2          0          0          0          0          0   libshutdown2.o
         8          4          0          0         96         68   libspace.o
        28          6          0          0          0         84   noretval__2printf.o
         2          0          0          0          0          0   rtexit.o
        10          0          0          0          0          0   rtexit2.o
        40          0          0          0          0         60   rtudiv10.o
        12          4          0          0          0         60   sys_exit.o
        62          0          0          0          0         80   sys_stackheap_outer.o
         2          0          0          0          0         68   use_no_semi.o

    ----------------------------------------------------------------------
      1326         52          0          0        100       1408   Library Totals
         8          0          0          0          4          0   (incl. Padding)

    ----------------------------------------------------------------------

      Code (inc. data)   RO Data    RW Data    ZI Data      Debug   Library Name

      1318         52          0          0         96       1408   c_p.l

    ----------------------------------------------------------------------
      1326         52          0          0        100       1408   Library Totals

    ----------------------------------------------------------------------

==============================================================================


      Code (inc. data)   RO Data    RW Data    ZI Data      Debug   

      3940        446        228         56        368     165747   Grand Totals
      3940        446        228         56        368     165747   ELF Image Totals
      3940        446        228         56          0          0   ROM Totals

==============================================================================

    Total RO  Size (Code + RO Data)                 4168 (   4.07kB)
    Total RW  Size (RW Data + ZI Data)               424 (   0.41kB)
    Total ROM Size (Code + RO Data + RW Data)       4224 (   4.13kB)

==============================================================================

